{
  "index_version": "rag-v2-20260824T024746251335Z-8d89f653",
  "build_timestamp": "2026-08-24T02:58:08.491400+00:00",
  "status": "candidate",
  "embedding_model": "BAAI/bge-small-zh-v1.5",
  "dense_backend": "numpy_exact_v1",
  "chunking_version": "structure_v2_docling",
  "chunk_size": 600,
  "chunk_overlap": 100,
  "corpus_manifest_hash": "8d89f653b0094d00f6060fba17e6bc8b9660956c01a38b702a3d1a2c4a921e63",
  "chunk_catalog_hash": "7a0729a2b24b8c0dcd2e9ffdaf8e34f3ad5ec6070458dd15f6ff91bcd95c30ba",
  "corpus_document_count": 140,
  "accepted_document_count": 132,
  "excluded_document_count": 8,
  "acceptance_policy": {
    "exact_duplicates": "exclude",
    "parse_status": [
      "parsed",
      "partial",
      "ocr_parsed"
    ],
    "download_placeholders": "exclude",
    "minimum_authority_level": 1
  },
  "document_count": 132,
  "chunk_count": 17167,
  "docling_files_seen": 121,
  "docling_files_loaded": 121,
  "markdown_files_loaded": 11,
  "needs_review_count": 0,
  "parse_status": {
    "ocr_parsed": 1,
    "parsed": 129,
    "partial": 10
  },
  "source_types": {
    "academic_paper": 114,
    "download_placeholder": 4,
    "incomplete_preview": 1,
    "official_document": 10,
    "official_web": 11
  },
  "warnings": [],
  "pipeline": {
    "dense_fetch_k": 20,
    "lexical_fetch_k": 20,
    "fusion_candidate_k": 30,
    "rrf_k": 60,
    "reranker_model": "BAAI/bge-reranker-base",
    "rerank_candidate_k": 8,
    "quality_prior_max_adjustment": 0.05,
    "max_chunks_per_document": 2
  }
}
