0 verbose cli C:\Program Files\nodejs\node.exe C:\Program Files\nodejs\node_modules\npm\bin\npm-cli.js
1 info using npm@11.6.2
2 info using node@v24.13.0
3 silly config load:file:C:\Program Files\nodejs\node_modules\npm\npmrc
4 silly config load:file:D:\project\挑战杯\frontend\.npmrc
5 silly config load:file:C:\Users\雷任飞豪\.npmrc
6 silly config load:file:C:\Users\雷任飞豪\AppData\Roaming\npm\etc\npmrc
7 verbose title npm exec playwright --version
8 verbose argv "exec" "--" "playwright" "--version"
9 verbose logfile logs-max:10 dir:D:\project\挑战杯\frontend\.npm-cache\_logs\2026-08-06T14_01_13_933Z-
10 verbose logfile D:\project\挑战杯\frontend\.npm-cache\_logs\2026-08-06T14_01_13_933Z-debug-0.log
11 silly logfile start cleaning logs, removing 1 files
12 silly logfile done cleaning log files
13 silly packumentCache heap:4496293888 maxSize:1124073472 maxEntrySize:562036736
14 http fetch GET 200 https://registry.npmmirror.com/playwright 860ms (cache miss)
15 silly packumentCache heap:4496293888 maxSize:1124073472 maxEntrySize:562036736
16 silly packumentCache heap:4496293888 maxSize:1124073472 maxEntrySize:562036736
17 warn exec The following package was not found and will be installed: playwright@1.62.1
18 silly idealTree buildDeps
19 silly fetch manifest playwright@1.62.1
20 silly packumentCache full:https://registry.npmmirror.com/playwright cache-miss
